pxe detect
configfile
default 0
timeout 1

# Graphical splash image.
splashimage=/boot/grub/splash.xpm.gz

#color yellow/brown light-green/black

title Grub menu
	errorcheck off
	configfile /boot/grub/menu.lst
	configfile /grub/menu.lst
	configfile /boot/menu.lst
	configfile /menu.lst
	find --set-root --ignore-floppies --ignore-cd /boot/grub/menu.lst && configfile /boot/grub/menu.lst
	find --set-root --ignore-floppies --ignore-cd /grub/menu.lst && configfile /grub/menu.lst
	find --set-root --ignore-floppies --ignore-cd /boot/menu.lst && configfile /boot/menu.lst
	find --set-root --ignore-floppies --ignore-cd /menu.lst
	errorcheck on
	configfile /menu.lst

title Slitaz Frugal
	find --set-root --ignore-floppies /boot/rootfs.gz
	kernel /boot/bzImage vga=normal
	initrd /boot/rootfs.gz

title Windows NT/2K/XP
	find --set-root --ignore-floppies /ntldr
	chainloader /ntldr

title Windows Vista
	find --set-root --ignore-floppies /bootmgr
	chainloader /bootmgr
	tpm --init

title Windows 9x
	find --set-root --ignore-floppies /io.sys
	chainloader /io.sys

title Windows recovery console
	find --set-root --ignore-floppies /cmldr
	chainloader /cmldr
	write 0x7C03 0x63646D63
	write 0x7C07 0x00736E6F
	
title Slitaz Web Boot
	find --set-root --ignore-floppies /boot/gpxe
	kernel /boot/gpxe
	
title Grub prompt
	commandline
	
title Reboot
	reboot

title Halt
	halt	
